<?php return array (
  0 => 'Symfony\\Bundle\\FrameworkBundle\\Controller\\AbstractController',
  1 => 'App\\Controller\\AccueilController',
  2 => 'App\\Controller\\AproposController',
  3 => 'App\\Controller\\ConnexionController',
  4 => 'App\\Controller\\ConseilController',
  5 => 'App\\Controller\\ContactController',
  6 => 'App\\Controller\\PaiementController',
  7 => 'App\\Controller\\PanierController',
  8 => 'App\\Controller\\ProduitController',
  9 => 'App\\Controller\\ProfilController',
  10 => 'App\\Controller\\RechercheController',
  11 => 'App\\Controller\\SecurityController',
  12 => 'App\\Controller\\TeamController',
  13 => 'App\\Entity\\Animal',
  14 => 'App\\Entity\\Categorie',
  15 => 'App\\Entity\\Commande',
  16 => 'App\\Entity\\Conseil',
  17 => 'App\\Entity\\Motcle',
  18 => 'App\\Entity\\Produit',
  19 => 'App\\Entity\\Utilisateur',
  20 => 'Doctrine\\Bundle\\DoctrineBundle\\Controller\\ProfilerController',
  21 => 'Doctrine\\ORM\\Cache\\Persister\\Entity\\AbstractEntityPersister',
  22 => 'Doctrine\\ORM\\Cache\\Persister\\Entity\\CachedEntityPersister',
  23 => 'Doctrine\\ORM\\Cache\\Persister\\Entity\\NonStrictReadWriteCachedEntityPersister',
  24 => 'Doctrine\\ORM\\Cache\\Persister\\Entity\\ReadOnlyCachedEntityPersister',
  25 => 'Doctrine\\ORM\\Cache\\Persister\\Entity\\ReadWriteCachedEntityPersister',
  26 => 'Doctrine\\ORM\\Persisters\\Entity\\AbstractEntityInheritancePersister',
  27 => 'Doctrine\\ORM\\Persisters\\Entity\\BasicEntityPersister',
  28 => 'Doctrine\\ORM\\Persisters\\Entity\\CachedPersisterContext',
  29 => 'Doctrine\\ORM\\Persisters\\Entity\\EntityPersister',
  30 => 'Doctrine\\ORM\\Persisters\\Entity\\JoinedSubclassPersister',
  31 => 'Doctrine\\ORM\\Persisters\\Entity\\SingleTablePersister',
  33 => 'Symfony\\Bundle\\FrameworkBundle\\Controller\\ControllerResolver',
  34 => 'Symfony\\Bundle\\FrameworkBundle\\Controller\\RedirectController',
  35 => 'Symfony\\Bundle\\FrameworkBundle\\Controller\\TemplateController',
  36 => 'Symfony\\Bundle\\WebProfilerBundle\\Controller\\ExceptionPanelController',
  37 => 'Symfony\\Bundle\\WebProfilerBundle\\Controller\\ProfilerController',
  38 => 'Symfony\\Bundle\\WebProfilerBundle\\Controller\\RouterController',
  39 => 'Symfony\\Component\\HttpKernel\\Controller\\ArgumentResolver',
  40 => 'Symfony\\Component\\HttpKernel\\Controller\\ArgumentResolverInterface',
  41 => 'Symfony\\Component\\HttpKernel\\Controller\\ArgumentResolver\\BackedEnumValueResolver',
  42 => 'Symfony\\Component\\HttpKernel\\Controller\\ArgumentResolver\\DateTimeValueResolver',
  43 => 'Symfony\\Component\\HttpKernel\\Controller\\ArgumentResolver\\DefaultValueResolver',
  44 => 'Symfony\\Component\\HttpKernel\\Controller\\ArgumentResolver\\NotTaggedControllerValueResolver',
  45 => 'Symfony\\Component\\HttpKernel\\Controller\\ArgumentResolver\\RequestAttributeValueResolver',
  46 => 'Symfony\\Component\\HttpKernel\\Controller\\ArgumentResolver\\RequestValueResolver',
  47 => 'Symfony\\Component\\HttpKernel\\Controller\\ArgumentResolver\\ServiceValueResolver',
  48 => 'Symfony\\Component\\HttpKernel\\Controller\\ArgumentResolver\\SessionValueResolver',
  49 => 'Symfony\\Component\\HttpKernel\\Controller\\ArgumentResolver\\TraceableValueResolver',
  50 => 'Symfony\\Component\\HttpKernel\\Controller\\ArgumentResolver\\UidValueResolver',
  51 => 'Symfony\\Component\\HttpKernel\\Controller\\ArgumentResolver\\VariadicValueResolver',
  52 => 'Symfony\\Component\\HttpKernel\\Controller\\ArgumentValueResolverInterface',
  53 => 'Symfony\\Component\\HttpKernel\\Controller\\ContainerControllerResolver',
  54 => 'Symfony\\Component\\HttpKernel\\Controller\\ControllerReference',
  55 => 'Symfony\\Component\\HttpKernel\\Controller\\ControllerResolver',
  56 => 'Symfony\\Component\\HttpKernel\\Controller\\ControllerResolverInterface',
  57 => 'Symfony\\Component\\HttpKernel\\Controller\\ErrorController',
  58 => 'Symfony\\Component\\HttpKernel\\Controller\\TraceableArgumentResolver',
  59 => 'Symfony\\Component\\HttpKernel\\Controller\\TraceableControllerResolver',
  60 => 'Symfony\\Component\\Security\\Http\\Controller\\UserValueResolver',
);